2026-05-07 20:53:06,865 - __main__ - INFO - Bot iniciado — usando The Odds API
2026-05-07 20:53:17,042 - __main__ - INFO - Buscando partidos con buenas cuotas...
2026-05-07 20:53:17,204 - scraper - INFO - football: 30 eventos | Peticiones restantes: 493
2026-05-07 20:53:17,204 - scraper - INFO -   → football: 30 partidos con cuota ≥ 2.0
2026-05-07 20:53:17,315 - scraper - INFO - tennis: 0 eventos | Peticiones restantes: 493
2026-05-07 20:53:17,316 - scraper - INFO -   → tennis: 0 partidos con cuota ≥ 2.0
2026-05-07 20:53:17,316 - __main__ - INFO - 5 partidos enviados (de 30 encontrados)
2026-05-07 20:58:21,081 - __main__ - INFO - Buscando partidos con buenas cuotas...
2026-05-07 20:58:21,281 - scraper - INFO - football: 30 eventos | Peticiones restantes: 492
2026-05-07 20:58:21,282 - scraper - INFO -   → football: 30 partidos con cuota ≥ 2.0
2026-05-07 20:58:21,394 - scraper - INFO - tennis: 0 eventos | Peticiones restantes: 492
2026-05-07 20:58:21,394 - scraper - INFO -   → tennis: 0 partidos con cuota ≥ 2.0
2026-05-07 20:58:21,395 - __main__ - INFO - Sin nuevas cuotas por encima del umbral
/workspaces/bet365_bot./bot.py:111: SyntaxWarning: invalid escape sequence '\_'
  "🟢 /combinada\_baja — 4 partidos seguros\n"
/workspaces/bet365_bot./bot.py:112: SyntaxWarning: invalid escape sequence '\_'
  "🟡 /combinada\_media — 5 partidos equilibrados\n"
/workspaces/bet365_bot./bot.py:113: SyntaxWarning: invalid escape sequence '\_'
  "🔴 /combinada\_alta — 6 partidos arriesgados"
2026-05-13 09:58:00,131 - __main__ - INFO - Bot iniciado
/workspaces/bet365_bot./bot.py:111: SyntaxWarning: invalid escape sequence '\_'
  "🟢 /combinada\_baja — 4 partidos seguros\n"
/workspaces/bet365_bot./bot.py:112: SyntaxWarning: invalid escape sequence '\_'
  "🟡 /combinada\_media — 5 partidos equilibrados\n"
/workspaces/bet365_bot./bot.py:113: SyntaxWarning: invalid escape sequence '\_'
  "🔴 /combinada\_alta — 6 partidos arriesgados"
2026-05-13 09:58:40,271 - __main__ - INFO - Bot iniciado
2026-05-13 09:59:00,572 - scraper - INFO - 🇪🇸 LaLiga: 17 eventos | Peticiones restantes: 227
2026-05-13 09:59:00,715 - scraper - INFO - 🏴󠁧󠁢󠁥󠁮󠁧󠁿 Premier: 10 eventos | Peticiones restantes: 226
2026-05-13 09:59:00,846 - scraper - INFO - 🇩🇪 Bundesliga: 9 eventos | Peticiones restantes: 225
2026-05-13 09:59:00,983 - scraper - INFO - 🇮🇹 Serie A: 10 eventos | Peticiones restantes: 224
2026-05-13 09:59:01,114 - scraper - INFO - 🇫🇷 Ligue 1: 11 eventos | Peticiones restantes: 223
2026-05-13 09:59:01,373 - scraper - INFO - 🏆 Champions: 1 eventos | Peticiones restantes: 222
2026-05-13 09:59:01,653 - scraper - INFO - 🟠 Europa League: 1 eventos | Peticiones restantes: 221
2026-05-13 09:59:01,914 - scraper - INFO - 🏀 NBA: 2 eventos | Peticiones restantes: 220
2026-05-13 09:59:02,163 - scraper - INFO - 🎾 Tenis: 0 eventos | Peticiones restantes: 220
